[2025-06-27T10:59:42.088+0000][gc] Using G1
[2025-06-27T10:59:42.092+0000][gc,init] Version: 17.0.8.1+1-Ubuntu-0ubuntu122.04 (release)
[2025-06-27T10:59:42.092+0000][gc,init] CPUs: 8 total, 8 available
[2025-06-27T10:59:42.092+0000][gc,init] Memory: 15998M
[2025-06-27T10:59:42.092+0000][gc,init] Large Page Support: Disabled
[2025-06-27T10:59:42.092+0000][gc,init] NUMA Support: Disabled
[2025-06-27T10:59:42.092+0000][gc,init] Compressed Oops: Enabled (32-bit)
[2025-06-27T10:59:42.092+0000][gc,init] Heap Region Size: 1M
[2025-06-27T10:59:42.092+0000][gc,init] Heap Min Capacity: 1G
[2025-06-27T10:59:42.092+0000][gc,init] Heap Initial Capacity: 1G
[2025-06-27T10:59:42.093+0000][gc,init] Heap Max Capacity: 1G
[2025-06-27T10:59:42.093+0000][gc,init] Pre-touch: Disabled
[2025-06-27T10:59:42.093+0000][gc,init] Parallel Workers: 8
[2025-06-27T10:59:42.093+0000][gc,init] Concurrent Workers: 2
[2025-06-27T10:59:42.093+0000][gc,init] Concurrent Refinement Workers: 8
[2025-06-27T10:59:42.093+0000][gc,init] Periodic GC: Disabled
[2025-06-27T10:59:42.096+0000][gc,metaspace] CDS archive(s) mapped at: [0x00007f03d3000000-0x00007f03d3beb000-0x00007f03d3beb000), size 12496896, SharedBaseAddress: 0x00007f03d3000000, ArchiveRelocationMode: 1.
[2025-06-27T10:59:42.096+0000][gc,metaspace] Compressed class space mapped at: 0x00007f03d4000000-0x00007f0414000000, reserved size: 1073741824
[2025-06-27T10:59:42.096+0000][gc,metaspace] Narrow klass base: 0x00007f03d3000000, Narrow klass shift: 0, Narrow klass range: 0x100000000
[2025-06-27T10:59:43.292+0000][gc,start    ] GC(0) Pause Young (Normal) (G1 Evacuation Pause)
[2025-06-27T10:59:43.293+0000][gc,task     ] GC(0) Using 8 workers of 8 for evacuation
[2025-06-27T10:59:43.298+0000][gc,phases   ] GC(0)   Pre Evacuate Collection Set: 0.1ms
[2025-06-27T10:59:43.298+0000][gc,phases   ] GC(0)   Merge Heap Roots: 0.1ms
[2025-06-27T10:59:43.298+0000][gc,phases   ] GC(0)   Evacuate Collection Set: 3.8ms
[2025-06-27T10:59:43.298+0000][gc,phases   ] GC(0)   Post Evacuate Collection Set: 0.5ms
[2025-06-27T10:59:43.298+0000][gc,phases   ] GC(0)   Other: 1.2ms
[2025-06-27T10:59:43.298+0000][gc,heap     ] GC(0) Eden regions: 51->0(44)
[2025-06-27T10:59:43.298+0000][gc,heap     ] GC(0) Survivor regions: 0->7(7)
[2025-06-27T10:59:43.299+0000][gc,heap     ] GC(0) Old regions: 0->1
[2025-06-27T10:59:43.299+0000][gc,heap     ] GC(0) Archive regions: 2->2
[2025-06-27T10:59:43.299+0000][gc,heap     ] GC(0) Humongous regions: 0->0
[2025-06-27T10:59:43.299+0000][gc,metaspace] GC(0) Metaspace: 17092K(17280K)->17092K(17280K) NonClass: 15015K(15104K)->15015K(15104K) Class: 2076K(2176K)->2076K(2176K)
[2025-06-27T10:59:43.299+0000][gc          ] GC(0) Pause Young (Normal) (G1 Evacuation Pause) 51M->8M(1024M) 6.663ms
[2025-06-27T10:59:43.299+0000][gc,cpu      ] GC(0) User=0.03s Sys=0.01s Real=0.00s
[2025-06-27T10:59:43.572+0000][gc,start    ] GC(1) Pause Young (Concurrent Start) (Metadata GC Threshold)
[2025-06-27T10:59:43.572+0000][gc,task     ] GC(1) Using 8 workers of 8 for evacuation
[2025-06-27T10:59:43.575+0000][gc,phases   ] GC(1)   Pre Evacuate Collection Set: 0.1ms
[2025-06-27T10:59:43.575+0000][gc,phases   ] GC(1)   Merge Heap Roots: 0.1ms
[2025-06-27T10:59:43.575+0000][gc,phases   ] GC(1)   Evacuate Collection Set: 2.3ms
[2025-06-27T10:59:43.575+0000][gc,phases   ] GC(1)   Post Evacuate Collection Set: 0.4ms
[2025-06-27T10:59:43.575+0000][gc,phases   ] GC(1)   Other: 0.3ms
[2025-06-27T10:59:43.575+0000][gc,heap     ] GC(1) Eden regions: 14->0(49)
[2025-06-27T10:59:43.575+0000][gc,heap     ] GC(1) Survivor regions: 7->2(7)
[2025-06-27T10:59:43.576+0000][gc,heap     ] GC(1) Old regions: 1->8
[2025-06-27T10:59:43.576+0000][gc,heap     ] GC(1) Archive regions: 2->2
[2025-06-27T10:59:43.576+0000][gc,heap     ] GC(1) Humongous regions: 0->0
[2025-06-27T10:59:43.576+0000][gc,metaspace] GC(1) Metaspace: 21292K(21504K)->21292K(21504K) NonClass: 18640K(18752K)->18640K(18752K) Class: 2652K(2752K)->2652K(2752K)
[2025-06-27T10:59:43.576+0000][gc          ] GC(1) Pause Young (Concurrent Start) (Metadata GC Threshold) 22M->9M(1024M) 3.956ms
[2025-06-27T10:59:43.576+0000][gc,cpu      ] GC(1) User=0.02s Sys=0.00s Real=0.00s
[2025-06-27T10:59:43.576+0000][gc          ] GC(2) Concurrent Mark Cycle
[2025-06-27T10:59:43.576+0000][gc,marking  ] GC(2) Concurrent Clear Claimed Marks
[2025-06-27T10:59:43.576+0000][gc,marking  ] GC(2) Concurrent Clear Claimed Marks 0.112ms
[2025-06-27T10:59:43.576+0000][gc,marking  ] GC(2) Concurrent Scan Root Regions
[2025-06-27T10:59:43.577+0000][gc,marking  ] GC(2) Concurrent Scan Root Regions 1.199ms
[2025-06-27T10:59:43.578+0000][gc,marking  ] GC(2) Concurrent Mark
[2025-06-27T10:59:43.578+0000][gc,marking  ] GC(2) Concurrent Mark From Roots
[2025-06-27T10:59:43.578+0000][gc,task     ] GC(2) Using 2 workers of 2 for marking
[2025-06-27T10:59:43.579+0000][gc,marking  ] GC(2) Concurrent Mark From Roots 1.169ms
[2025-06-27T10:59:43.580+0000][gc,marking  ] GC(2) Concurrent Preclean
[2025-06-27T10:59:43.581+0000][gc,marking  ] GC(2) Concurrent Preclean 1.688ms
[2025-06-27T10:59:43.582+0000][gc,start    ] GC(2) Pause Remark
[2025-06-27T10:59:43.583+0000][gc          ] GC(2) Pause Remark 10M->10M(1024M) 1.233ms
[2025-06-27T10:59:43.583+0000][gc,cpu      ] GC(2) User=0.01s Sys=0.00s Real=0.00s
[2025-06-27T10:59:43.583+0000][gc,marking  ] GC(2) Concurrent Mark 5.686ms
[2025-06-27T10:59:43.583+0000][gc,marking  ] GC(2) Concurrent Rebuild Remembered Sets
[2025-06-27T10:59:43.585+0000][gc,marking  ] GC(2) Concurrent Rebuild Remembered Sets 1.269ms
[2025-06-27T10:59:43.585+0000][gc,start    ] GC(2) Pause Cleanup
[2025-06-27T10:59:43.585+0000][gc          ] GC(2) Pause Cleanup 10M->10M(1024M) 0.195ms
[2025-06-27T10:59:43.585+0000][gc,cpu      ] GC(2) User=0.00s Sys=0.00s Real=0.00s
[2025-06-27T10:59:43.585+0000][gc,marking  ] GC(2) Concurrent Cleanup for Next Mark
[2025-06-27T10:59:43.587+0000][gc,marking  ] GC(2) Concurrent Cleanup for Next Mark 2.186ms
[2025-06-27T10:59:43.588+0000][gc          ] GC(2) Concurrent Mark Cycle 11.589ms
[2025-06-27T10:59:44.361+0000][gc,start    ] GC(3) Pause Young (Normal) (G1 Evacuation Pause)
[2025-06-27T10:59:44.361+0000][gc,task     ] GC(3) Using 8 workers of 8 for evacuation
[2025-06-27T10:59:44.363+0000][gc,phases   ] GC(3)   Pre Evacuate Collection Set: 0.1ms
[2025-06-27T10:59:44.363+0000][gc,phases   ] GC(3)   Merge Heap Roots: 0.1ms
[2025-06-27T10:59:44.363+0000][gc,phases   ] GC(3)   Evacuate Collection Set: 1.5ms
[2025-06-27T10:59:44.364+0000][gc,phases   ] GC(3)   Post Evacuate Collection Set: 0.4ms
[2025-06-27T10:59:44.364+0000][gc,phases   ] GC(3)   Other: 0.4ms
[2025-06-27T10:59:44.364+0000][gc,heap     ] GC(3) Eden regions: 49->0(45)
[2025-06-27T10:59:44.364+0000][gc,heap     ] GC(3) Survivor regions: 2->6(7)
[2025-06-27T10:59:44.364+0000][gc,heap     ] GC(3) Old regions: 8->8
[2025-06-27T10:59:44.364+0000][gc,heap     ] GC(3) Archive regions: 2->2
[2025-06-27T10:59:44.364+0000][gc,heap     ] GC(3) Humongous regions: 9->9
[2025-06-27T10:59:44.364+0000][gc,metaspace] GC(3) Metaspace: 33487K(33920K)->33487K(33920K) NonClass: 29510K(29760K)->29510K(29760K) Class: 3976K(4160K)->3976K(4160K)
[2025-06-27T10:59:44.364+0000][gc          ] GC(3) Pause Young (Normal) (G1 Evacuation Pause) 67M->23M(1024M) 3.577ms
[2025-06-27T10:59:44.364+0000][gc,cpu      ] GC(3) User=0.00s Sys=0.01s Real=0.01s
[2025-06-27T10:59:44.475+0000][gc,start    ] GC(4) Pause Young (Concurrent Start) (Metadata GC Threshold)
[2025-06-27T10:59:44.475+0000][gc,task     ] GC(4) Using 8 workers of 8 for evacuation
[2025-06-27T10:59:44.479+0000][gc,phases   ] GC(4)   Pre Evacuate Collection Set: 0.2ms
[2025-06-27T10:59:44.479+0000][gc,phases   ] GC(4)   Merge Heap Roots: 0.1ms
[2025-06-27T10:59:44.479+0000][gc,phases   ] GC(4)   Evacuate Collection Set: 3.2ms
[2025-06-27T10:59:44.480+0000][gc,phases   ] GC(4)   Post Evacuate Collection Set: 0.4ms
[2025-06-27T10:59:44.480+0000][gc,phases   ] GC(4)   Other: 0.5ms
[2025-06-27T10:59:44.480+0000][gc,heap     ] GC(4) Eden regions: 12->0(49)
[2025-06-27T10:59:44.483+0000][gc,heap     ] GC(4) Survivor regions: 6->2(7)
[2025-06-27T10:59:44.483+0000][gc,heap     ] GC(4) Old regions: 8->14
[2025-06-27T10:59:44.485+0000][gc,heap     ] GC(4) Archive regions: 2->2
[2025-06-27T10:59:44.486+0000][gc,heap     ] GC(4) Humongous regions: 9->9
[2025-06-27T10:59:44.486+0000][gc,metaspace] GC(4) Metaspace: 35570K(35968K)->35570K(35968K) NonClass: 31350K(31552K)->31350K(31552K) Class: 4220K(4416K)->4220K(4416K)
[2025-06-27T10:59:44.487+0000][gc          ] GC(4) Pause Young (Concurrent Start) (Metadata GC Threshold) 34M->24M(1024M) 12.330ms
[2025-06-27T10:59:44.487+0000][gc,cpu      ] GC(4) User=0.03s Sys=0.00s Real=0.01s
[2025-06-27T10:59:44.487+0000][gc          ] GC(5) Concurrent Mark Cycle
[2025-06-27T10:59:44.488+0000][gc,marking  ] GC(5) Concurrent Clear Claimed Marks
[2025-06-27T10:59:44.489+0000][gc,marking  ] GC(5) Concurrent Clear Claimed Marks 1.307ms
[2025-06-27T10:59:44.489+0000][gc,marking  ] GC(5) Concurrent Scan Root Regions
[2025-06-27T10:59:44.491+0000][gc,marking  ] GC(5) Concurrent Scan Root Regions 2.026ms
[2025-06-27T10:59:44.492+0000][gc,marking  ] GC(5) Concurrent Mark
[2025-06-27T10:59:44.492+0000][gc,marking  ] GC(5) Concurrent Mark From Roots
[2025-06-27T10:59:44.492+0000][gc,task     ] GC(5) Using 2 workers of 2 for marking
[2025-06-27T10:59:44.496+0000][gc,marking  ] GC(5) Concurrent Mark From Roots 4.552ms
[2025-06-27T10:59:44.497+0000][gc,marking  ] GC(5) Concurrent Preclean
[2025-06-27T10:59:44.497+0000][gc,marking  ] GC(5) Concurrent Preclean 0.355ms
[2025-06-27T10:59:44.498+0000][gc,start    ] GC(5) Pause Remark
[2025-06-27T10:59:44.500+0000][gc          ] GC(5) Pause Remark 25M->25M(1024M) 2.415ms
[2025-06-27T10:59:44.500+0000][gc,cpu      ] GC(5) User=0.00s Sys=0.00s Real=0.00s
[2025-06-27T10:59:44.501+0000][gc,marking  ] GC(5) Concurrent Mark 8.889ms
[2025-06-27T10:59:44.501+0000][gc,marking  ] GC(5) Concurrent Rebuild Remembered Sets
[2025-06-27T10:59:44.504+0000][gc,marking  ] GC(5) Concurrent Rebuild Remembered Sets 3.546ms
[2025-06-27T10:59:44.505+0000][gc,start    ] GC(5) Pause Cleanup
[2025-06-27T10:59:44.505+0000][gc          ] GC(5) Pause Cleanup 26M->26M(1024M) 0.515ms
[2025-06-27T10:59:44.506+0000][gc,cpu      ] GC(5) User=0.00s Sys=0.00s Real=0.00s
[2025-06-27T10:59:44.506+0000][gc,marking  ] GC(5) Concurrent Cleanup for Next Mark
[2025-06-27T10:59:44.508+0000][gc,marking  ] GC(5) Concurrent Cleanup for Next Mark 2.558ms
[2025-06-27T10:59:44.509+0000][gc          ] GC(5) Concurrent Mark Cycle 21.150ms
[2025-06-27T11:01:47.523+0000][gc,start    ] GC(6) Pause Young (Normal) (G1 Evacuation Pause)
[2025-06-27T11:01:47.524+0000][gc,task     ] GC(6) Using 8 workers of 8 for evacuation
[2025-06-27T11:01:47.534+0000][gc,phases   ] GC(6)   Pre Evacuate Collection Set: 0.4ms
[2025-06-27T11:01:47.534+0000][gc,phases   ] GC(6)   Merge Heap Roots: 0.2ms
[2025-06-27T11:01:47.534+0000][gc,phases   ] GC(6)   Evacuate Collection Set: 7.2ms
[2025-06-27T11:01:47.534+0000][gc,phases   ] GC(6)   Post Evacuate Collection Set: 0.7ms
[2025-06-27T11:01:47.534+0000][gc,phases   ] GC(6)   Other: 1.9ms
[2025-06-27T11:01:47.535+0000][gc,heap     ] GC(6) Eden regions: 49->0(44)
[2025-06-27T11:01:47.535+0000][gc,heap     ] GC(6) Survivor regions: 2->7(7)
[2025-06-27T11:01:47.535+0000][gc,heap     ] GC(6) Old regions: 14->15
[2025-06-27T11:01:47.535+0000][gc,heap     ] GC(6) Archive regions: 2->2
[2025-06-27T11:01:47.535+0000][gc,heap     ] GC(6) Humongous regions: 138->138
[2025-06-27T11:01:47.535+0000][gc,metaspace] GC(6) Metaspace: 42728K(43328K)->42728K(43328K) NonClass: 37727K(38016K)->37727K(38016K) Class: 5000K(5312K)->5000K(5312K)
[2025-06-27T11:01:47.535+0000][gc          ] GC(6) Pause Young (Normal) (G1 Evacuation Pause) 202M->160M(1024M) 12.065ms
[2025-06-27T11:01:47.535+0000][gc,cpu      ] GC(6) User=0.00s Sys=0.06s Real=0.01s
[2025-06-27T11:07:50.035+0000][gc,start    ] GC(7) Pause Young (Normal) (G1 Evacuation Pause)
[2025-06-27T11:07:50.035+0000][gc,task     ] GC(7) Using 8 workers of 8 for evacuation
[2025-06-27T11:07:50.040+0000][gc,phases   ] GC(7)   Pre Evacuate Collection Set: 0.4ms
[2025-06-27T11:07:50.040+0000][gc,phases   ] GC(7)   Merge Heap Roots: 0.1ms
[2025-06-27T11:07:50.040+0000][gc,phases   ] GC(7)   Evacuate Collection Set: 3.7ms
[2025-06-27T11:07:50.041+0000][gc,phases   ] GC(7)   Post Evacuate Collection Set: 0.5ms
[2025-06-27T11:07:50.041+0000][gc,phases   ] GC(7)   Other: 0.5ms
[2025-06-27T11:07:50.041+0000][gc,heap     ] GC(7) Eden regions: 44->0(48)
[2025-06-27T11:07:50.041+0000][gc,heap     ] GC(7) Survivor regions: 7->3(7)
[2025-06-27T11:07:50.041+0000][gc,heap     ] GC(7) Old regions: 15->22
[2025-06-27T11:07:50.041+0000][gc,heap     ] GC(7) Archive regions: 2->2
[2025-06-27T11:07:50.041+0000][gc,heap     ] GC(7) Humongous regions: 138->138
[2025-06-27T11:07:50.041+0000][gc,metaspace] GC(7) Metaspace: 45706K(46528K)->45706K(46528K) NonClass: 40362K(40768K)->40362K(40768K) Class: 5344K(5760K)->5344K(5760K)
[2025-06-27T11:07:50.041+0000][gc          ] GC(7) Pause Young (Normal) (G1 Evacuation Pause) 204M->163M(1024M) 6.706ms
[2025-06-27T11:07:50.042+0000][gc,cpu      ] GC(7) User=0.02s Sys=0.00s Real=0.00s
[2025-06-27T11:17:24.711+0000][gc,start    ] GC(8) Pause Young (Normal) (G1 Evacuation Pause)
[2025-06-27T11:17:24.711+0000][gc,task     ] GC(8) Using 8 workers of 8 for evacuation
[2025-06-27T11:17:24.714+0000][gc,phases   ] GC(8)   Pre Evacuate Collection Set: 0.2ms
[2025-06-27T11:17:24.714+0000][gc,phases   ] GC(8)   Merge Heap Roots: 0.1ms
[2025-06-27T11:17:24.714+0000][gc,phases   ] GC(8)   Evacuate Collection Set: 1.4ms
[2025-06-27T11:17:24.714+0000][gc,phases   ] GC(8)   Post Evacuate Collection Set: 0.4ms
[2025-06-27T11:17:24.714+0000][gc,phases   ] GC(8)   Other: 0.7ms
[2025-06-27T11:17:24.714+0000][gc,heap     ] GC(8) Eden regions: 48->0(47)
[2025-06-27T11:17:24.714+0000][gc,heap     ] GC(8) Survivor regions: 3->4(7)
[2025-06-27T11:17:24.714+0000][gc,heap     ] GC(8) Old regions: 22->22
[2025-06-27T11:17:24.714+0000][gc,heap     ] GC(8) Archive regions: 2->2
[2025-06-27T11:17:24.714+0000][gc,heap     ] GC(8) Humongous regions: 138->138
[2025-06-27T11:17:24.714+0000][gc,metaspace] GC(8) Metaspace: 46317K(47168K)->46317K(47168K) NonClass: 40918K(41344K)->40918K(41344K) Class: 5398K(5824K)->5398K(5824K)
[2025-06-27T11:17:24.714+0000][gc          ] GC(8) Pause Young (Normal) (G1 Evacuation Pause) 211M->164M(1024M) 3.691ms
[2025-06-27T11:17:24.715+0000][gc,cpu      ] GC(8) User=0.00s Sys=0.01s Real=0.01s
[2025-06-27T11:17:56.319+0000][gc,heap,exit] Heap
[2025-06-27T11:17:56.320+0000][gc,heap,exit]  garbage-first heap   total 1048576K, used 184106K [0x00000000c0000000, 0x0000000100000000)
[2025-06-27T11:17:56.320+0000][gc,heap,exit]   region size 1024K, 20 young (20480K), 4 survivors (4096K)
[2025-06-27T11:17:56.320+0000][gc,heap,exit]  Metaspace       used 47467K, committed 48320K, reserved 1114112K
[2025-06-27T11:17:56.320+0000][gc,heap,exit]   class space    used 5621K, committed 6016K, reserved 1048576K
