[2025-06-27T11:45:10.228+0000][gc] Using G1
[2025-06-27T11:45:10.231+0000][gc,init] Version: 17.0.8.1+1-Ubuntu-0ubuntu122.04 (release)
[2025-06-27T11:45:10.232+0000][gc,init] CPUs: 8 total, 8 available
[2025-06-27T11:45:10.232+0000][gc,init] Memory: 15998M
[2025-06-27T11:45:10.232+0000][gc,init] Large Page Support: Disabled
[2025-06-27T11:45:10.232+0000][gc,init] NUMA Support: Disabled
[2025-06-27T11:45:10.232+0000][gc,init] Compressed Oops: Enabled (32-bit)
[2025-06-27T11:45:10.232+0000][gc,init] Heap Region Size: 1M
[2025-06-27T11:45:10.232+0000][gc,init] Heap Min Capacity: 1G
[2025-06-27T11:45:10.232+0000][gc,init] Heap Initial Capacity: 1G
[2025-06-27T11:45:10.233+0000][gc,init] Heap Max Capacity: 1G
[2025-06-27T11:45:10.233+0000][gc,init] Pre-touch: Disabled
[2025-06-27T11:45:10.233+0000][gc,init] Parallel Workers: 8
[2025-06-27T11:45:10.233+0000][gc,init] Concurrent Workers: 2
[2025-06-27T11:45:10.233+0000][gc,init] Concurrent Refinement Workers: 8
[2025-06-27T11:45:10.233+0000][gc,init] Periodic GC: Disabled
[2025-06-27T11:45:10.237+0000][gc,metaspace] CDS archive(s) mapped at: [0x00007f842b000000-0x00007f842bbeb000-0x00007f842bbeb000), size 12496896, SharedBaseAddress: 0x00007f842b000000, ArchiveRelocationMode: 1.
[2025-06-27T11:45:10.237+0000][gc,metaspace] Compressed class space mapped at: 0x00007f842c000000-0x00007f846c000000, reserved size: 1073741824
[2025-06-27T11:45:10.237+0000][gc,metaspace] Narrow klass base: 0x00007f842b000000, Narrow klass shift: 0, Narrow klass range: 0x100000000
[2025-06-27T11:45:11.419+0000][gc,start    ] GC(0) Pause Young (Normal) (G1 Evacuation Pause)
[2025-06-27T11:45:11.419+0000][gc,task     ] GC(0) Using 8 workers of 8 for evacuation
[2025-06-27T11:45:11.424+0000][gc,phases   ] GC(0)   Pre Evacuate Collection Set: 0.1ms
[2025-06-27T11:45:11.425+0000][gc,phases   ] GC(0)   Merge Heap Roots: 0.1ms
[2025-06-27T11:45:11.425+0000][gc,phases   ] GC(0)   Evacuate Collection Set: 4.2ms
[2025-06-27T11:45:11.425+0000][gc,phases   ] GC(0)   Post Evacuate Collection Set: 0.4ms
[2025-06-27T11:45:11.425+0000][gc,phases   ] GC(0)   Other: 1.0ms
[2025-06-27T11:45:11.425+0000][gc,heap     ] GC(0) Eden regions: 51->0(44)
[2025-06-27T11:45:11.425+0000][gc,heap     ] GC(0) Survivor regions: 0->7(7)
[2025-06-27T11:45:11.425+0000][gc,heap     ] GC(0) Old regions: 0->1
[2025-06-27T11:45:11.425+0000][gc,heap     ] GC(0) Archive regions: 2->2
[2025-06-27T11:45:11.425+0000][gc,heap     ] GC(0) Humongous regions: 0->0
[2025-06-27T11:45:11.425+0000][gc,metaspace] GC(0) Metaspace: 17171K(17344K)->17171K(17344K) NonClass: 15087K(15168K)->15087K(15168K) Class: 2084K(2176K)->2084K(2176K)
[2025-06-27T11:45:11.425+0000][gc          ] GC(0) Pause Young (Normal) (G1 Evacuation Pause) 51M->8M(1024M) 6.699ms
[2025-06-27T11:45:11.425+0000][gc,cpu      ] GC(0) User=0.02s Sys=0.01s Real=0.01s
[2025-06-27T11:45:11.616+0000][gc,start    ] GC(1) Pause Young (Concurrent Start) (Metadata GC Threshold)
[2025-06-27T11:45:11.616+0000][gc,task     ] GC(1) Using 8 workers of 8 for evacuation
[2025-06-27T11:45:11.619+0000][gc,phases   ] GC(1)   Pre Evacuate Collection Set: 0.2ms
[2025-06-27T11:45:11.619+0000][gc,phases   ] GC(1)   Merge Heap Roots: 0.1ms
[2025-06-27T11:45:11.619+0000][gc,phases   ] GC(1)   Evacuate Collection Set: 2.1ms
[2025-06-27T11:45:11.619+0000][gc,phases   ] GC(1)   Post Evacuate Collection Set: 0.4ms
[2025-06-27T11:45:11.619+0000][gc,phases   ] GC(1)   Other: 0.3ms
[2025-06-27T11:45:11.619+0000][gc,heap     ] GC(1) Eden regions: 13->0(49)
[2025-06-27T11:45:11.619+0000][gc,heap     ] GC(1) Survivor regions: 7->2(7)
[2025-06-27T11:45:11.619+0000][gc,heap     ] GC(1) Old regions: 1->8
[2025-06-27T11:45:11.619+0000][gc,heap     ] GC(1) Archive regions: 2->2
[2025-06-27T11:45:11.620+0000][gc,heap     ] GC(1) Humongous regions: 0->0
[2025-06-27T11:45:11.620+0000][gc,metaspace] GC(1) Metaspace: 21264K(21504K)->21264K(21504K) NonClass: 18624K(18752K)->18624K(18752K) Class: 2639K(2752K)->2639K(2752K)
[2025-06-27T11:45:11.620+0000][gc          ] GC(1) Pause Young (Concurrent Start) (Metadata GC Threshold) 21M->9M(1024M) 3.911ms
[2025-06-27T11:45:11.620+0000][gc,cpu      ] GC(1) User=0.02s Sys=0.00s Real=0.00s
[2025-06-27T11:45:11.620+0000][gc          ] GC(2) Concurrent Mark Cycle
[2025-06-27T11:45:11.620+0000][gc,marking  ] GC(2) Concurrent Clear Claimed Marks
[2025-06-27T11:45:11.620+0000][gc,marking  ] GC(2) Concurrent Clear Claimed Marks 0.126ms
[2025-06-27T11:45:11.620+0000][gc,marking  ] GC(2) Concurrent Scan Root Regions
[2025-06-27T11:45:11.621+0000][gc,marking  ] GC(2) Concurrent Scan Root Regions 1.201ms
[2025-06-27T11:45:11.622+0000][gc,marking  ] GC(2) Concurrent Mark
[2025-06-27T11:45:11.622+0000][gc,marking  ] GC(2) Concurrent Mark From Roots
[2025-06-27T11:45:11.622+0000][gc,task     ] GC(2) Using 2 workers of 2 for marking
[2025-06-27T11:45:11.623+0000][gc,marking  ] GC(2) Concurrent Mark From Roots 1.484ms
[2025-06-27T11:45:11.623+0000][gc,marking  ] GC(2) Concurrent Preclean
[2025-06-27T11:45:11.624+0000][gc,marking  ] GC(2) Concurrent Preclean 0.130ms
[2025-06-27T11:45:11.624+0000][gc,start    ] GC(2) Pause Remark
[2025-06-27T11:45:11.625+0000][gc          ] GC(2) Pause Remark 10M->10M(1024M) 1.498ms
[2025-06-27T11:45:11.626+0000][gc,cpu      ] GC(2) User=0.00s Sys=0.00s Real=0.01s
[2025-06-27T11:45:11.626+0000][gc,marking  ] GC(2) Concurrent Mark 4.168ms
[2025-06-27T11:45:11.626+0000][gc,marking  ] GC(2) Concurrent Rebuild Remembered Sets
[2025-06-27T11:45:11.627+0000][gc,marking  ] GC(2) Concurrent Rebuild Remembered Sets 1.185ms
[2025-06-27T11:45:11.628+0000][gc,start    ] GC(2) Pause Cleanup
[2025-06-27T11:45:11.628+0000][gc          ] GC(2) Pause Cleanup 10M->10M(1024M) 0.518ms
[2025-06-27T11:45:11.629+0000][gc,cpu      ] GC(2) User=0.01s Sys=0.00s Real=0.00s
[2025-06-27T11:45:11.629+0000][gc,marking  ] GC(2) Concurrent Cleanup for Next Mark
[2025-06-27T11:45:11.631+0000][gc,marking  ] GC(2) Concurrent Cleanup for Next Mark 1.765ms
[2025-06-27T11:45:11.631+0000][gc          ] GC(2) Concurrent Mark Cycle 11.023ms
[2025-06-27T11:45:12.510+0000][gc,start    ] GC(3) Pause Young (Normal) (G1 Evacuation Pause)
[2025-06-27T11:45:12.510+0000][gc,task     ] GC(3) Using 8 workers of 8 for evacuation
[2025-06-27T11:45:12.513+0000][gc,phases   ] GC(3)   Pre Evacuate Collection Set: 0.1ms
[2025-06-27T11:45:12.513+0000][gc,phases   ] GC(3)   Merge Heap Roots: 0.1ms
[2025-06-27T11:45:12.513+0000][gc,phases   ] GC(3)   Evacuate Collection Set: 1.9ms
[2025-06-27T11:45:12.513+0000][gc,phases   ] GC(3)   Post Evacuate Collection Set: 0.5ms
[2025-06-27T11:45:12.513+0000][gc,phases   ] GC(3)   Other: 0.3ms
[2025-06-27T11:45:12.513+0000][gc,heap     ] GC(3) Eden regions: 49->0(45)
[2025-06-27T11:45:12.514+0000][gc,heap     ] GC(3) Survivor regions: 2->6(7)
[2025-06-27T11:45:12.514+0000][gc,heap     ] GC(3) Old regions: 8->8
[2025-06-27T11:45:12.514+0000][gc,heap     ] GC(3) Archive regions: 2->2
[2025-06-27T11:45:12.514+0000][gc,heap     ] GC(3) Humongous regions: 9->9
[2025-06-27T11:45:12.514+0000][gc,metaspace] GC(3) Metaspace: 33481K(33920K)->33481K(33920K) NonClass: 29511K(29760K)->29511K(29760K) Class: 3970K(4160K)->3970K(4160K)
[2025-06-27T11:45:12.514+0000][gc          ] GC(3) Pause Young (Normal) (G1 Evacuation Pause) 67M->23M(1024M) 3.931ms
[2025-06-27T11:45:12.514+0000][gc,cpu      ] GC(3) User=0.01s Sys=0.00s Real=0.00s
[2025-06-27T11:45:12.618+0000][gc,start    ] GC(4) Pause Young (Concurrent Start) (Metadata GC Threshold)
[2025-06-27T11:45:12.618+0000][gc,task     ] GC(4) Using 8 workers of 8 for evacuation
[2025-06-27T11:45:12.622+0000][gc,phases   ] GC(4)   Pre Evacuate Collection Set: 0.2ms
[2025-06-27T11:45:12.623+0000][gc,phases   ] GC(4)   Merge Heap Roots: 0.1ms
[2025-06-27T11:45:12.623+0000][gc,phases   ] GC(4)   Evacuate Collection Set: 3.7ms
[2025-06-27T11:45:12.623+0000][gc,phases   ] GC(4)   Post Evacuate Collection Set: 0.6ms
[2025-06-27T11:45:12.623+0000][gc,phases   ] GC(4)   Other: 0.3ms
[2025-06-27T11:45:12.623+0000][gc,heap     ] GC(4) Eden regions: 12->0(49)
[2025-06-27T11:45:12.624+0000][gc,heap     ] GC(4) Survivor regions: 6->2(7)
[2025-06-27T11:45:12.624+0000][gc,heap     ] GC(4) Old regions: 8->14
[2025-06-27T11:45:12.624+0000][gc,heap     ] GC(4) Archive regions: 2->2
[2025-06-27T11:45:12.624+0000][gc,heap     ] GC(4) Humongous regions: 9->9
[2025-06-27T11:45:12.624+0000][gc,metaspace] GC(4) Metaspace: 35590K(35968K)->35590K(35968K) NonClass: 31367K(31552K)->31367K(31552K) Class: 4222K(4416K)->4222K(4416K)
[2025-06-27T11:45:12.624+0000][gc          ] GC(4) Pause Young (Concurrent Start) (Metadata GC Threshold) 35M->24M(1024M) 6.766ms
[2025-06-27T11:45:12.624+0000][gc,cpu      ] GC(4) User=0.03s Sys=0.00s Real=0.01s
[2025-06-27T11:45:12.625+0000][gc          ] GC(5) Concurrent Mark Cycle
[2025-06-27T11:45:12.625+0000][gc,marking  ] GC(5) Concurrent Clear Claimed Marks
[2025-06-27T11:45:12.625+0000][gc,marking  ] GC(5) Concurrent Clear Claimed Marks 0.183ms
[2025-06-27T11:45:12.625+0000][gc,marking  ] GC(5) Concurrent Scan Root Regions
[2025-06-27T11:45:12.626+0000][gc,marking  ] GC(5) Concurrent Scan Root Regions 1.382ms
[2025-06-27T11:45:12.627+0000][gc,marking  ] GC(5) Concurrent Mark
[2025-06-27T11:45:12.627+0000][gc,marking  ] GC(5) Concurrent Mark From Roots
[2025-06-27T11:45:12.627+0000][gc,task     ] GC(5) Using 2 workers of 2 for marking
[2025-06-27T11:45:12.631+0000][gc,marking  ] GC(5) Concurrent Mark From Roots 4.011ms
[2025-06-27T11:45:12.631+0000][gc,marking  ] GC(5) Concurrent Preclean
[2025-06-27T11:45:12.631+0000][gc,marking  ] GC(5) Concurrent Preclean 0.377ms
[2025-06-27T11:45:12.631+0000][gc,start    ] GC(5) Pause Remark
[2025-06-27T11:45:12.633+0000][gc          ] GC(5) Pause Remark 26M->26M(1024M) 1.237ms
[2025-06-27T11:45:12.633+0000][gc,cpu      ] GC(5) User=0.00s Sys=0.00s Real=0.00s
[2025-06-27T11:45:12.633+0000][gc,marking  ] GC(5) Concurrent Mark 6.426ms
[2025-06-27T11:45:12.633+0000][gc,marking  ] GC(5) Concurrent Rebuild Remembered Sets
[2025-06-27T11:45:12.637+0000][gc,marking  ] GC(5) Concurrent Rebuild Remembered Sets 3.496ms
[2025-06-27T11:45:12.639+0000][gc,start    ] GC(5) Pause Cleanup
[2025-06-27T11:45:12.639+0000][gc          ] GC(5) Pause Cleanup 26M->26M(1024M) 0.298ms
[2025-06-27T11:45:12.640+0000][gc,cpu      ] GC(5) User=0.00s Sys=0.00s Real=0.00s
[2025-06-27T11:45:12.640+0000][gc,marking  ] GC(5) Concurrent Cleanup for Next Mark
[2025-06-27T11:45:12.643+0000][gc,marking  ] GC(5) Concurrent Cleanup for Next Mark 2.900ms
[2025-06-27T11:45:12.643+0000][gc          ] GC(5) Concurrent Mark Cycle 18.150ms
[2025-06-27T11:45:41.852+0000][gc,start    ] GC(6) Pause Young (Normal) (G1 Evacuation Pause)
[2025-06-27T11:45:41.853+0000][gc,task     ] GC(6) Using 8 workers of 8 for evacuation
[2025-06-27T11:45:41.859+0000][gc,phases   ] GC(6)   Pre Evacuate Collection Set: 0.1ms
[2025-06-27T11:45:41.859+0000][gc,phases   ] GC(6)   Merge Heap Roots: 0.1ms
[2025-06-27T11:45:41.859+0000][gc,phases   ] GC(6)   Evacuate Collection Set: 4.8ms
[2025-06-27T11:45:41.859+0000][gc,phases   ] GC(6)   Post Evacuate Collection Set: 0.6ms
[2025-06-27T11:45:41.860+0000][gc,phases   ] GC(6)   Other: 0.6ms
[2025-06-27T11:45:41.860+0000][gc,heap     ] GC(6) Eden regions: 49->0(44)
[2025-06-27T11:45:41.860+0000][gc,heap     ] GC(6) Survivor regions: 2->7(7)
[2025-06-27T11:45:41.861+0000][gc,heap     ] GC(6) Old regions: 14->15
[2025-06-27T11:45:41.861+0000][gc,heap     ] GC(6) Archive regions: 2->2
[2025-06-27T11:45:41.861+0000][gc,heap     ] GC(6) Humongous regions: 138->138
[2025-06-27T11:45:41.861+0000][gc,metaspace] GC(6) Metaspace: 43459K(44224K)->43459K(44224K) NonClass: 38212K(38592K)->38212K(38592K) Class: 5246K(5632K)->5246K(5632K)
[2025-06-27T11:45:41.861+0000][gc          ] GC(6) Pause Young (Normal) (G1 Evacuation Pause) 202M->160M(1024M) 8.756ms
[2025-06-27T11:45:41.861+0000][gc,cpu      ] GC(6) User=0.03s Sys=0.00s Real=0.01s
